// Jest Snapshot v1, https://goo.gl/fbAQLP

exports[`should render Home 1`] = `
<div>
  <div>
    <h2>
      World History Kickball League
    </h2>
  </div>
</div>
`;
